../Core/Src/main.c:89:6:SetTime	32	static
../Core/Src/main.c:93:6:GetTime	40	static
../Core/Src/main.c:99:6:DisplayCardID	144	static
../Core/Src/main.c:110:6:Display	16	static
../Core/Src/main.c:117:6:DisplayTime	56	static
../Core/Src/main.c:135:6:TestDS1307	96	static
../Core/Src/main.c:165:6:HAL_UART_RxCpltCallback	16	static
../Core/Src/main.c:189:5:main	20224	static
../Core/Src/main.c:392:6:SystemClock_Config	88	static
../Core/Src/main.c:446:13:MX_I2C3_Init	8	static
../Core/Src/main.c:494:13:MX_SPI4_Init	8	static
../Core/Src/main.c:532:13:MX_TIM6_Init	16	static
../Core/Src/main.c:570:13:MX_USART1_UART_Init	8	static
../Core/Src/main.c:603:13:MX_GPIO_Init	48	static
../Core/Src/main.c:650:6:Error_Handler	4	static,ignoring_inline_asm
